# ShopMaster Ladrones Avanzados Audit - AdvancedTypes
2026-06-03 04:54:39 Opening scene: Assets/StoreSimulator/Scenes/Game.unity
2026-06-03 04:54:51 PASS: ShoplifterSystem presente.
2026-06-03 04:54:51 PASS: EntrepreneurTreeManager presente.
2026-06-03 04:54:51 PASS: EntrepreneurTreeSecurityAdapter presente.
2026-06-03 04:54:51 PASS: CustomerSystem presente.
2026-06-03 04:54:51 PASS: StoreDatabase presente.
2026-06-03 04:54:51 PASS: StatsDatabase presente.
2026-06-03 04:54:51 PASS: ProductInventorySystem presente.
2026-06-03 04:54:51 PASS: UIGame/notificaciones presente.
2026-06-03 04:54:51 === RQF15 tipos avanzados ===
2026-06-03 04:54:51 PASS: RQF15 ladron comun usa cliente/NPC real.
2026-06-03 04:54:51 PASS: RQF15 comun tiene gorra y ruta simple sin mochila avanzada.
2026-06-03 04:54:51 PASS: RQF15 comun conserva NavMeshAgent real.
2026-06-03 04:54:51 PASS: RQF15 cliente sospechoso generado como cliente real.
2026-06-03 04:54:51 PASS: RQF15 sospechoso es mas sutil: gafas discretas sin indicador inicial obvio.
2026-06-03 04:54:51 PASS: RQF15 ladron especial generado solo en preparacion premium.
2026-06-03 04:54:51 PASS: RQF15 especial lleva mochila y al menos un producto normal en carrito para disimular.
2026-06-03 04:54:51 PASS: RQF15/RQF13 especial/experto no aparecen naturalmente sin lujo/electrodomesticos desbloqueados.
2026-06-03 04:54:51 Audit finished. Failures=0
