[Licensing::Module] Trying to connect to existing licensing client channel...
[Licensing::IpcConnector] Successfully connected to the License Client on channel: "LicenseClient-ijuan" at "2026-06-03T06:56:55.4019269Z"
[Licensing::Client] Error: Code 10 while verifying Licensing Client signature (process Id: 5968, path: "C:/Program Files/Unity Hub/UnityLicensingClient_V1/Unity.Licensing.Client.exe")
[Licensing::Module] Error: LicensingClient has failed validation; ignoring
[Licensing::Client] Handshaking with LicensingClient:
  Version:                 1.17.4+4293ba1
  Session Id:              7a8188a001944db8abd69b8bd1e2d50a
  Correlation Id:          dae175f2da8df4211998ad686d7d9fe7
  External correlation Id: 4973963746069373882
  Machine Id:              gVJ6FeRbdgyjoE5vwQkvsLBPWB4=
[Licensing::Module] Successfully connected to LicensingClient on channel: "LicenseClient-ijuan" (connect: 0.00s, validation: 0.01s, handshake: 0.12s)
[Licensing::IpcConnector] Successfully connected to the License Notification on channel: "LicenseClient-ijuan-notifications" at "2026-06-03T06:56:55.5337039Z"
[Licensing::Module] Error: Access token is unavailable; failed to update
[Licensing::Client] Successfully updated license
Built from '6000.0/staging' branch; Version is '6000.0.37f1 (090b7797214c) revision 592759'; Using compiler version '193933523'; Build Type 'Release'
OS: 'Windows 11  (10.0.26200) 64bit Core' Language: 'es' Physical Memory: 16163 MB
[Licensing::Client] Successfully resolved entitlement details
[Licensing::Module] Serial number assigned to: "4674061739545-UnityPersXXXX"
BatchMode: 1, IsHumanControllingUs: 0, StartBugReporterOnCrash: 0, Is64bit: 1, IsPro: 0
[Licensing::Client] Successfully resolved entitlement details

COMMAND LINE ARGUMENTS:
C:\Program Files\Unity\Hub\Editor\6000.0.37f1\Editor\Unity.exe
-batchmode
-projectPath
C:\Users\ijuan\Animo
-executeMethod
FLOBUK.StoreSimulator.Editor.ShopMasterNavMeshRebuildRunner.Run
-logFile
C:\Users\ijuan\Animo\Documentos\Unity_NavMeshRebuild_Batch.log
Successfully changed project path to: C:\Users\ijuan\Animo
C:/Users/ijuan/Animo
[UnityMemory] Configuration Parameters - Can be set up in boot.config
    "memorysetup-bucket-allocator-granularity=16"
    "memorysetup-bucket-allocator-bucket-count=8"
    "memorysetup-bucket-allocator-block-size=33554432"
    "memorysetup-bucket-allocator-block-count=8"
    "memorysetup-main-allocator-block-size=16777216"
    "memorysetup-thread-allocator-block-size=16777216"
    "memorysetup-gfx-main-allocator-block-size=16777216"
    "memorysetup-gfx-thread-allocator-block-size=16777216"
    "memorysetup-cache-allocator-block-size=4194304"
    "memorysetup-typetree-allocator-block-size=2097152"
    "memorysetup-profiler-bucket-allocator-granularity=16"
    "memorysetup-profiler-bucket-allocator-bucket-count=8"
    "memorysetup-profiler-bucket-allocator-block-size=33554432"
    "memorysetup-profiler-bucket-allocator-block-count=8"
    "memorysetup-profiler-allocator-block-size=16777216"
    "memorysetup-profiler-editor-allocator-block-size=1048576"
    "memorysetup-temp-allocator-size-main=16777216"
    "memorysetup-job-temp-allocator-block-size=2097152"
    "memorysetup-job-temp-allocator-block-size-background=1048576"
    "memorysetup-job-temp-allocator-reduction-small-platforms=262144"
    "memorysetup-allocator-temp-initial-block-size-main=262144"
    "memorysetup-allocator-temp-initial-block-size-worker=262144"
    "memorysetup-temp-allocator-size-background-worker=32768"
    "memorysetup-temp-allocator-size-job-worker=262144"
    "memorysetup-temp-allocator-size-preload-manager=33554432"
    "memorysetup-temp-allocator-size-nav-mesh-worker=65536"
    "memorysetup-temp-allocator-size-audio-worker=65536"
    "memorysetup-temp-allocator-size-cloud-worker=32768"
    "memorysetup-temp-allocator-size-gi-baking-worker=262144"
    "memorysetup-temp-allocator-size-gi-baking-worker=262144"
    "memorysetup-temp-allocator-size-gi-baking-worker=262144"
    "memorysetup-temp-allocator-size-gi-baking-worker=262144"
    "memorysetup-temp-allocator-size-gi-baking-worker=262144"
    "memorysetup-temp-allocator-size-gfx=262144"
Player connection [14068]  Target information:

Player connection [14068]  * "[IP] 192.168.100.38 [Port] 55504 [Flags] 2 [Guid] 1331203440 [EditorId] 1331203440 [Version] 1048832 [Id] WindowsEditor(7,LAP-JUANDEJUAN) [Debug] 1 [PackageName] WindowsEditor [ProjectName] Editor" 

Player connection [14068]  * "[IP] 192.168.56.1 [Port] 55504 [Flags] 2 [Guid] 1331203440 [EditorId] 1331203440 [Version] 1048832 [Id] WindowsEditor(7,LAP-JUANDEJUAN) [Debug] 1 [PackageName] WindowsEditor [ProjectName] Editor" 

Player connection [14068] Host joined multi-casting on [225.0.0.222:54997]...
Player connection [14068] Host joined alternative multi-casting on [225.0.0.222:34997]...
Input System module state changed to: Initialized.
[Physics::Module] Initialized fallback backend.
[Physics::Module] Id: 0xdecafbad
[Package Manager] Connected to IPC stream "Upm-26276" after 0.4 seconds.
Library Redirect Path: Library/
[Package Manager] Restoring resolved packages state from cache
[Licensing::Client] Successfully resolved entitlement details
[Package Manager] Registered 57 packages:
  Packages from [https://packages.unity.com]:
    com.unity.ai.navigation@2.0.5 (location: C:\Users\ijuan\Animo\Library\PackageCache\com.unity.ai.navigation@9f76b145f0a8)
    com.unity.collab-proxy@2.12.4 (location: C:\Users\ijuan\Animo\Library\PackageCache\com.unity.collab-proxy@0b1559bcd34e)
    com.unity.ide.rider@3.0.31 (location: C:\Users\ijuan\Animo\Library\PackageCache\com.unity.ide.rider@7921be93db40)
    com.unity.ide.visualstudio@2.0.22 (location: C:\Users\ijuan\Animo\Library\PackageCache\com.unity.ide.visualstudio@8140e851d83e)
    com.unity.inputsystem@1.16.0 (location: C:\Users\ijuan\Animo\Library\PackageCache\com.unity.inputsystem@552acc76aabe)
    com.unity.test-framework@1.4.5 (location: C:\Users\ijuan\Animo\Library\PackageCache\com.unity.test-framework@0a21eb82d95c)
    com.unity.timeline@1.8.7 (location: C:\Users\ijuan\Animo\Library\PackageCache\com.unity.timeline@c58b4ee65782)
    com.unity.visualscripting@1.9.5 (location: C:\Users\ijuan\Animo\Library\PackageCache\com.unity.visualscripting@1b53f46e931b)
    com.unity.ext.nunit@2.0.5 (location: C:\Users\ijuan\Animo\Library\PackageCache\com.unity.ext.nunit@60ef35ffd3cd)
    com.unity.searcher@4.9.2 (location: C:\Users\ijuan\Animo\Library\PackageCache\com.unity.searcher@90d011a70418)
    com.unity.burst@1.8.19 (location: C:\Users\ijuan\Animo\Library\PackageCache\com.unity.burst@7a907cf5a459)
    com.unity.mathematics@1.3.2 (location: C:\Users\ijuan\Animo\Library\PackageCache\com.unity.mathematics@8017b507cc74)
    com.unity.collections@2.5.1 (location: C:\Users\ijuan\Animo\Library\PackageCache\com.unity.collections@56bff8827a7e)
    com.unity.nuget.mono-cecil@1.11.4 (location: C:\Users\ijuan\Animo\Library\PackageCache\com.unity.nuget.mono-cecil@d6f9955a5d5f)
    com.unity.test-framework.performance@3.0.3 (location: C:\Users\ijuan\Animo\Library\PackageCache\com.unity.test-framework.performance@fb0dc592af8b)
  Built-in packages:
    com.unity.2d.sprite@1.0.0 (location: C:\Users\ijuan\Animo\Library\PackageCache\com.unity.2d.sprite@072d7bd355e5)
    com.unity.multiplayer.center@1.0.0 (location: C:\Users\ijuan\Animo\Library\PackageCache\com.unity.multiplayer.center@f502d8ac613f)
    com.unity.render-pipelines.core@17.0.3 (location: C:\Users\ijuan\Animo\Library\PackageCache\com.unity.render-pipelines.core@89eb3bdcd743)
    com.unity.render-pipelines.universal@17.0.3 (location: C:\Users\ijuan\Animo\Library\PackageCache\com.unity.render-pipelines.universal@15fef0f41df6)
    com.unity.render-pipelines.universal-config@17.0.3 (location: C:\Users\ijuan\Animo\Library\PackageCache\com.unity.render-pipelines.universal-config@fa63c96d3e1a)
    com.unity.shadergraph@17.0.3 (location: C:\Users\ijuan\Animo\Library\PackageCache\com.unity.shadergraph@911117698220)
    com.unity.ugui@2.0.0 (location: C:\Users\ijuan\Animo\Library\PackageCache\com.unity.ugui@603b5c2e4e5a)
    com.unity.modules.accessibility@1.0.0 (location: C:\Program Files\Unity\Hub\Editor\6000.0.37f1\Editor\Data\Resources\PackageManager\BuiltInPackages\com.unity.modules.accessibility)
    com.unity.modules.ai@1.0.0 (location: C:\Program Files\Unity\Hub\Editor\6000.0.37f1\Editor\Data\Resources\PackageManager\BuiltInPackages\com.unity.modules.ai)
    com.unity.modules.androidjni@1.0.0 (location: C:\Program Files\Unity\Hub\Editor\6000.0.37f1\Editor\Data\Resources\PackageManager\BuiltInPackages\com.unity.modules.androidjni)
    com.unity.modules.animation@1.0.0 (location: C:\Program Files\Unity\Hub\Editor\6000.0.37f1\Editor\Data\Resources\PackageManager\BuiltInPackages\com.unity.modules.animation)
    com.unity.modules.assetbundle@1.0.0 (location: C:\Program Files\Unity\Hub\Editor\6000.0.37f1\Editor\Data\Resources\PackageManager\BuiltInPackages\com.unity.modules.assetbundle)
    com.unity.modules.audio@1.0.0 (location: C:\Program Files\Unity\Hub\Editor\6000.0.37f1\Editor\Data\Resources\PackageManager\BuiltInPackages\com.unity.modules.audio)
    com.unity.modules.cloth@1.0.0 (location: C:\Program Files\Unity\Hub\Editor\6000.0.37f1\Editor\Data\Resources\PackageManager\BuiltInPackages\com.unity.modules.cloth)
    com.unity.modules.director@1.0.0 (location: C:\Program Files\Unity\Hub\Editor\6000.0.37f1\Editor\Data\Resources\PackageManager\BuiltInPackages\com.unity.modules.director)
    com.unity.modules.imageconversion@1.0.0 (location: C:\Program Files\Unity\Hub\Editor\6000.0.37f1\Editor\Data\Resources\PackageManager\BuiltInPackages\com.unity.modules.imageconversion)
    com.unity.modules.imgui@1.0.0 (location: C:\Program Files\Unity\Hub\Editor\6000.0.37f1\Editor\Data\Resources\PackageManager\BuiltInPackages\com.unity.modules.imgui)
    com.unity.modules.jsonserialize@1.0.0 (location: C:\Program Files\Unity\Hub\Editor\6000.0.37f1\Editor\Data\Resources\PackageManager\BuiltInPackages\com.unity.modules.jsonserialize)
    com.unity.modules.particlesystem@1.0.0 (location: C:\Program Files\Unity\Hub\Editor\6000.0.37f1\Editor\Data\Resources\PackageManager\BuiltInPackages\com.unity.modules.particlesystem)
    com.unity.modules.physics@1.0.0 (location: C:\Program Files\Unity\Hub\Editor\6000.0.37f1\Editor\Data\Resources\PackageManager\BuiltInPackages\com.unity.modules.physics)
    com.unity.modules.physics2d@1.0.0 (location: C:\Program Files\Unity\Hub\Editor\6000.0.37f1\Editor\Data\Resources\PackageManager\BuiltInPackages\com.unity.modules.physics2d)
    com.unity.modules.screencapture@1.0.0 (location: C:\Program Files\Unity\Hub\Editor\6000.0.37f1\Editor\Data\Resources\PackageManager\BuiltInPackages\com.unity.modules.screencapture)
    com.unity.modules.terrain@1.0.0 (location: C:\Program Files\Unity\Hub\Editor\6000.0.37f1\Editor\Data\Resources\PackageManager\BuiltInPackages\com.unity.modules.terrain)
    com.unity.modules.terrainphysics@1.0.0 (location: C:\Program Files\Unity\Hub\Editor\6000.0.37f1\Editor\Data\Resources\PackageManager\BuiltInPackages\com.unity.modules.terrainphysics)
    com.unity.modules.tilemap@1.0.0 (location: C:\Program Files\Unity\Hub\Editor\6000.0.37f1\Editor\Data\Resources\PackageManager\BuiltInPackages\com.unity.modules.tilemap)
    com.unity.modules.ui@1.0.0 (location: C:\Program Files\Unity\Hub\Editor\6000.0.37f1\Editor\Data\Resources\PackageManager\BuiltInPackages\com.unity.modules.ui)
    com.unity.modules.uielements@1.0.0 (location: C:\Program Files\Unity\Hub\Editor\6000.0.37f1\Editor\Data\Resources\PackageManager\BuiltInPackages\com.unity.modules.uielements)
    com.unity.modules.umbra@1.0.0 (location: C:\Program Files\Unity\Hub\Editor\6000.0.37f1\Editor\Data\Resources\PackageManager\BuiltInPackages\com.unity.modules.umbra)
    com.unity.modules.unityanalytics@1.0.0 (location: C:\Program Files\Unity\Hub\Editor\6000.0.37f1\Editor\Data\Resources\PackageManager\BuiltInPackages\com.unity.modules.unityanalytics)
    com.unity.modules.unitywebrequest@1.0.0 (location: C:\Program Files\Unity\Hub\Editor\6000.0.37f1\Editor\Data\Resources\PackageManager\BuiltInPackages\com.unity.modules.unitywebrequest)
    com.unity.modules.unitywebrequestassetbundle@1.0.0 (location: C:\Program Files\Unity\Hub\Editor\6000.0.37f1\Editor\Data\Resources\PackageManager\BuiltInPackages\com.unity.modules.unitywebrequestassetbundle)
    com.unity.modules.unitywebrequestaudio@1.0.0 (location: C:\Program Files\Unity\Hub\Editor\6000.0.37f1\Editor\Data\Resources\PackageManager\BuiltInPackages\com.unity.modules.unitywebrequestaudio)
    com.unity.modules.unitywebrequesttexture@1.0.0 (location: C:\Program Files\Unity\Hub\Editor\6000.0.37f1\Editor\Data\Resources\PackageManager\BuiltInPackages\com.unity.modules.unitywebrequesttexture)
    com.unity.modules.unitywebrequestwww@1.0.0 (location: C:\Program Files\Unity\Hub\Editor\6000.0.37f1\Editor\Data\Resources\PackageManager\BuiltInPackages\com.unity.modules.unitywebrequestwww)
    com.unity.modules.vehicles@1.0.0 (location: C:\Program Files\Unity\Hub\Editor\6000.0.37f1\Editor\Data\Resources\PackageManager\BuiltInPackages\com.unity.modules.vehicles)
    com.unity.modules.video@1.0.0 (location: C:\Program Files\Unity\Hub\Editor\6000.0.37f1\Editor\Data\Resources\PackageManager\BuiltInPackages\com.unity.modules.video)
    com.unity.modules.vr@1.0.0 (location: C:\Program Files\Unity\Hub\Editor\6000.0.37f1\Editor\Data\Resources\PackageManager\BuiltInPackages\com.unity.modules.vr)
    com.unity.modules.wind@1.0.0 (location: C:\Program Files\Unity\Hub\Editor\6000.0.37f1\Editor\Data\Resources\PackageManager\BuiltInPackages\com.unity.modules.wind)
    com.unity.modules.xr@1.0.0 (location: C:\Program Files\Unity\Hub\Editor\6000.0.37f1\Editor\Data\Resources\PackageManager\BuiltInPackages\com.unity.modules.xr)
    com.unity.modules.subsystems@1.0.0 (location: C:\Program Files\Unity\Hub\Editor\6000.0.37f1\Editor\Data\Resources\PackageManager\BuiltInPackages\com.unity.modules.subsystems)
    com.unity.modules.hierarchycore@1.0.0 (location: C:\Program Files\Unity\Hub\Editor\6000.0.37f1\Editor\Data\Resources\PackageManager\BuiltInPackages\com.unity.modules.hierarchycore)
    com.unity.rendering.light-transport@1.0.1 (location: C:\Users\ijuan\Animo\Library\PackageCache\com.unity.rendering.light-transport@307bc27a498f)
[Physics::Module] Selected backend.
[Physics::Module] Name: PhysX
[Physics::Module] Id: 0xf2b8ea05
[Physics::Module] SDK Version: 4.1.2
[Physics::Module] Integration Version: 1.0.0
[Physics::Module] Threading Mode: Multi-Threaded
[Subsystems] No new subsystems found in resolved package list.
Package Manager log level set to [2]
[Package Manager] Done registering packages in 0.13 seconds
Refreshing native plugins compatible for Editor in 11.77 ms, found 4 plugins.
Preloading 0 native plugins for Editor in 0.00 ms.
Initialize engine version: 6000.0.37f1 (090b7797214c)
[Subsystems] Discovering subsystems at path C:/Program Files/Unity/Hub/Editor/6000.0.37f1/Editor/Data/Resources/UnitySubsystems
[Subsystems] Discovering subsystems at path C:/Users/ijuan/Animo/Assets
GfxDevice: creating device client; kGfxThreadingModeNonThreaded
Direct3D:
    Version:  Direct3D 11.0 [level 11.1]
    Renderer: NVIDIA GeForce RTX 3050 Ti Laptop GPU (ID=0x25a0)
    Vendor:   NVIDIA
    VRAM:     3962 MB
    Driver:   32.0.15.9186
[Licensing::Client] Successfully resolved entitlement details
Initialize mono
Mono path[0] = 'C:/Program Files/Unity/Hub/Editor/6000.0.37f1/Editor/Data/Managed'
Mono path[1] = 'C:/Program Files/Unity/Hub/Editor/6000.0.37f1/Editor/Data/MonoBleedingEdge/lib/mono/unityjit-win32'
Mono config path = 'C:/Program Files/Unity/Hub/Editor/6000.0.37f1/Editor/Data/MonoBleedingEdge/etc'
Using monoOptions --debugger-agent=transport=dt_socket,embedding=1,server=y,suspend=n,address=127.0.0.1:56276
Using cacheserver namespaces - metadata:defaultmetadata, artifacts:defaultartifacts
Using cacheserver namespaces - metadata:defaultmetadata, artifacts:defaultartifacts
ImportWorker Server TCP listen port: 0
AcceleratorClientConnectionCallback - disconnected - :0
Begin MonoManager ReloadAssembly
Registering precompiled unity dll's ...
Register platform support module: C:/Program Files/Unity/Hub/Editor/6000.0.37f1/Editor/Data/PlaybackEngines/WebGLSupport/UnityEditor.WebGL.Extensions.dll
Register platform support module: C:/Program Files/Unity/Hub/Editor/6000.0.37f1/Editor/Data/PlaybackEngines/WindowsStandaloneSupport/UnityEditor.WindowsStandalone.Extensions.dll
Registered in 0.005637 seconds.
- Loaded All Assemblies, in  0.707 seconds
Native extension for WindowsStandalone target not found
Native extension for WebGL target not found
Mono: successfully reloaded assembly
- Finished resetting the current domain, in  0.528 seconds
Domain Reload Profiling: 1232ms
	BeginReloadAssembly (246ms)
		ExecutionOrderSort (0ms)
		DisableScriptedObjects (0ms)
		BackupInstance (0ms)
		ReleaseScriptingObjects (0ms)
		CreateAndSetChildDomain (1ms)
	RebuildCommonClasses (58ms)
	RebuildNativeTypeToScriptingClass (19ms)
	initialDomainReloadingComplete (81ms)
	LoadAllAssembliesAndSetupDomain (298ms)
		LoadAssemblies (237ms)
		RebuildTransferFunctionScriptingTraits (0ms)
		AnalyzeDomain (291ms)
			TypeCache.Refresh (289ms)
				TypeCache.ScanAssembly (266ms)
			BuildScriptInfoCaches (0ms)
			ResolveRequiredComponents (1ms)
	FinalizeReload (529ms)
		ReleaseScriptCaches (0ms)
		RebuildScriptCaches (0ms)
		SetupLoadedEditorAssemblies (463ms)
			LogAssemblyErrors (0ms)
			InitializePlatformSupportModulesInManaged (45ms)
			SetLoadedEditorAssemblies (7ms)
			BeforeProcessingInitializeOnLoad (79ms)
			ProcessInitializeOnLoadAttributes (236ms)
			ProcessInitializeOnLoadMethodAttributes (95ms)
			AfterProcessingInitializeOnLoad (0ms)
			EditorAssembliesLoaded (0ms)
		ExecutionOrderSort2 (0ms)
		AwakeInstancesAfterBackupRestoration (0ms)
[Licensing::Client] Successfully resolved entitlement details
Application.AssetDatabase Initial Refresh Start
Starting: C:\Program Files\Unity\Hub\Editor\6000.0.37f1\Editor\Data\bee_backend.exe --dont-print-to-structured-log --ipc --defer-dag-verification --dagfile="Library/Bee/1900b0aE.dag" --continue-on-failure --profile="Library/Bee/backend1.traceevents" ScriptAssemblies
WorkingDir: C:/Users/ijuan/Animo
DisplayProgressbar: Compiling Scripts
ExitCode: 0 Duration: 0s734ms
[636/808    0s] ILPP-Configuration Library/ilpp-configuration.nevergeneratedoutput
*** Tundra build success (0.66 seconds), 1 items updated, 808 evaluated
AssetDatabase: script compilation time: 1.541036s
Begin MonoManager ReloadAssembly
- Loaded All Assemblies, in  1.602 seconds
Refreshing native plugins compatible for Editor in 5.14 ms, found 4 plugins.
Native extension for WindowsStandalone target not found
Native extension for WebGL target not found
Refreshing native plugins compatible for Editor in 4.34 ms, found 4 plugins.
The project currently uses the compatibility mode where the Render Graph API is disabled. Support for this mode will be removed in future Unity versions. Migrate existing ScriptableRenderPasses to the new RenderGraph API. After the migration, disable the compatibility mode in Edit > Projects Settings > Graphics > Render Graph.
UnityEngine.Debug:ExtractStackTraceNoAlloc (byte*,int,string)
UnityEngine.StackTraceUtility:ExtractStackTrace ()
UnityEngine.DebugLogHandler:Internal_Log (UnityEngine.LogType,UnityEngine.LogOption,string,UnityEngine.Object)
UnityEngine.DebugLogHandler:LogFormat (UnityEngine.LogType,UnityEngine.Object,string,object[])
UnityEngine.Logger:Log (UnityEngine.LogType,object)
UnityEngine.Debug:LogWarning (object)
UnityEngine.Rendering.Universal.WarnUsingNonRenderGraph:EmitConsoleWarning () (at ./Library/PackageCache/com.unity.render-pipelines.universal@15fef0f41df6/Runtime/Data/UniversalRenderPipelineAsset.cs:427)
System.Reflection.RuntimeMethodInfo:Invoke (object,System.Reflection.BindingFlags,System.Reflection.Binder,object[],System.Globalization.CultureInfo)
System.Reflection.MethodBase:Invoke (object,object[])
UnityEditor.EditorAssemblies:ProcessInitializeOnLoadMethodAttributes ()

(Filename: ./Library/PackageCache/com.unity.render-pipelines.universal@15fef0f41df6/Runtime/Data/UniversalRenderPipelineAsset.cs Line: 427)

Mono: successfully reloaded assembly
- Finished resetting the current domain, in  5.303 seconds
Domain Reload Profiling: 6890ms
	BeginReloadAssembly (413ms)
		ExecutionOrderSort (0ms)
		DisableScriptedObjects (18ms)
		BackupInstance (0ms)
		ReleaseScriptingObjects (0ms)
		CreateAndSetChildDomain (167ms)
	RebuildCommonClasses (59ms)
	RebuildNativeTypeToScriptingClass (21ms)
	initialDomainReloadingComplete (66ms)
	LoadAllAssembliesAndSetupDomain (1028ms)
		LoadAssemblies (756ms)
		RebuildTransferFunctionScriptingTraits (0ms)
		AnalyzeDomain (445ms)
			TypeCache.Refresh (335ms)
				TypeCache.ScanAssembly (310ms)
			BuildScriptInfoCaches (82ms)
			ResolveRequiredComponents (21ms)
	FinalizeReload (5304ms)
		ReleaseScriptCaches (0ms)
		RebuildScriptCaches (0ms)
		SetupLoadedEditorAssemblies (4932ms)
			LogAssemblyErrors (0ms)
			InitializePlatformSupportModulesInManaged (30ms)
			SetLoadedEditorAssemblies (6ms)
			BeforeProcessingInitializeOnLoad (239ms)
			ProcessInitializeOnLoadAttributes (4368ms)
			ProcessInitializeOnLoadMethodAttributes (264ms)
			AfterProcessingInitializeOnLoad (11ms)
			EditorAssembliesLoaded (13ms)
		ExecutionOrderSort2 (0ms)
		AwakeInstancesAfterBackupRestoration (32ms)
Asset Pipeline Refresh (id=7ea91ee43ba831c4ca014f802c618999): Total: 9.847 seconds - Initiated by InitialRefreshV2(ForceSynchronousImport)
	Summary:
		Imports: total=0 (actual=0, local cache=0, cache server=0)
		Asset DB Process Time: managed=0 ms, native=6419 ms
		Asset DB Callback time: managed=43 ms, native=0 ms
		Scripting: domain reloads=1, domain reload time=1717 ms, compile time=1543 ms, other=122 ms
		Project Asset Count: scripts=1344, non-scripts=2687
		Asset File Changes: new=0, changed=0, moved=0, deleted=0
		Scan Filter Count: 0
	InvokeCustomDependenciesCallbacks: 0.001ms
	InvokePackagesCallback: 4.663ms
	ApplyChangesToAssetFolders: 1.094ms
	Scan: 525.915ms
	OnSourceAssetsModified: 0.003ms
	CategorizeAssetsWithTransientArtifact: 108.015ms
	ProcessAssetsWithTransientArtifactChanges: 140.594ms
	CategorizeAssets: 75.901ms
	ImportOutOfDateAssets: 5327.728ms (3780.826ms without children)
		CompileScripts: 1543.367ms
		ReloadNativeAssets: 0.055ms
		UnloadImportedAssets: 1.590ms
		EnsureUptoDateAssetsAreRegisteredWithGuidPM: 1.009ms
		InitializingProgressBar: 0.001ms
		PostProcessAllAssetNotificationsAddChangedAssets: 0.001ms
		OnDemandSchedulerStart: 0.880ms
	PostProcessAllAssets: 43.048ms
	GatherAllCurrentPrimaryArtifactRevisions: 0.002ms
	UnloadStreamsBegin: 1.857ms
	PersistCurrentRevisions: 0.395ms
	UnloadStreamsEnd: 0.004ms
	GenerateScriptTypeHashes: 6.423ms
	Untracked: 3618.065ms

Application.AssetDatabase Initial Refresh End
Scanning for USB devices : 2.642ms
Initializing Unity extensions:
[Licensing::Client] Successfully resolved entitlement details
[MODES] ModeService[none].Initialize
[MODES] ModeService[none].LoadModes
[MODES] Loading mode Default (0) for mode-current-id-Animo
Unloading 40 Unused Serialized files (Serialized files now loaded: 0)
Unloading 6595 unused Assets / (7.3 MB). Loaded Objects now: 7238.
Memory consumption went from 195.5 MB to 188.2 MB.
Total: 17.869500 ms (FindLiveObjects: 0.821600 ms CreateObjectMapping: 1.092900 ms MarkObjects: 10.084100 ms  DeleteObjects: 5.869000 ms)

[NavMeshRebuild] === ShopMasterNavMeshRebuildRunner ===
UnityEngine.Debug:ExtractStackTraceNoAlloc (byte*,int,string)
UnityEngine.StackTraceUtility:ExtractStackTrace ()
UnityEngine.DebugLogHandler:Internal_Log (UnityEngine.LogType,UnityEngine.LogOption,string,UnityEngine.Object)
UnityEngine.DebugLogHandler:LogFormat (UnityEngine.LogType,UnityEngine.Object,string,object[])
UnityEngine.Logger:Log (UnityEngine.LogType,object)
UnityEngine.Debug:Log (object)
FLOBUK.StoreSimulator.Editor.ShopMasterNavMeshRebuildRunner:Log (System.Text.StringBuilder,string) (at Assets/StoreSimulator/Editor/ShopMasterNavMeshRebuildRunner.cs:178)
FLOBUK.StoreSimulator.Editor.ShopMasterNavMeshRebuildRunner:Run () (at Assets/StoreSimulator/Editor/ShopMasterNavMeshRebuildRunner.cs:50)

(Filename: Assets/StoreSimulator/Editor/ShopMasterNavMeshRebuildRunner.cs Line: 178)

[NavMeshRebuild] Abriendo escena: Assets/StoreSimulator/Scenes/Game.unity
UnityEngine.Debug:ExtractStackTraceNoAlloc (byte*,int,string)
UnityEngine.StackTraceUtility:ExtractStackTrace ()
UnityEngine.DebugLogHandler:Internal_Log (UnityEngine.LogType,UnityEngine.LogOption,string,UnityEngine.Object)
UnityEngine.DebugLogHandler:LogFormat (UnityEngine.LogType,UnityEngine.Object,string,object[])
UnityEngine.Logger:Log (UnityEngine.LogType,object)
UnityEngine.Debug:Log (object)
FLOBUK.StoreSimulator.Editor.ShopMasterNavMeshRebuildRunner:Log (System.Text.StringBuilder,string) (at Assets/StoreSimulator/Editor/ShopMasterNavMeshRebuildRunner.cs:178)
FLOBUK.StoreSimulator.Editor.ShopMasterNavMeshRebuildRunner:Run () (at Assets/StoreSimulator/Editor/ShopMasterNavMeshRebuildRunner.cs:51)

(Filename: Assets/StoreSimulator/Editor/ShopMasterNavMeshRebuildRunner.cs Line: 178)

Opening scene 'Assets/StoreSimulator/Scenes/Game.unity'
Unloading 29 Unused Serialized files (Serialized files now loaded: 0)
LightingSettings: switching bake backend from 1 to 2.
Loaded scene 'Assets/StoreSimulator/Scenes/Game.unity'
	Deserialize:            189.682 ms
	Integration:            1591.324 ms
	Integration of assets:  20.972 ms
	Thread Wait Time:       0.017 ms
	Total Operation Time:   1801.994 ms
Unloading 7 unused Assets / (5.0 KB). Loaded Objects now: 14060.
Memory consumption went from 217.7 MB to 217.7 MB.
Total: 10.864700 ms (FindLiveObjects: 0.820200 ms CreateObjectMapping: 0.515300 ms MarkObjects: 9.396900 ms  DeleteObjects: 0.131200 ms)

[NavMeshRebuild] [WARN] Unity.AI.Navigation no disponible — intentando bake legacy.
UnityEngine.Debug:ExtractStackTraceNoAlloc (byte*,int,string)
UnityEngine.StackTraceUtility:ExtractStackTrace ()
UnityEngine.DebugLogHandler:Internal_Log (UnityEngine.LogType,UnityEngine.LogOption,string,UnityEngine.Object)
UnityEngine.DebugLogHandler:LogFormat (UnityEngine.LogType,UnityEngine.Object,string,object[])
UnityEngine.Logger:Log (UnityEngine.LogType,object)
UnityEngine.Debug:Log (object)
FLOBUK.StoreSimulator.Editor.ShopMasterNavMeshRebuildRunner:Log (System.Text.StringBuilder,string) (at Assets/StoreSimulator/Editor/ShopMasterNavMeshRebuildRunner.cs:178)
FLOBUK.StoreSimulator.Editor.ShopMasterNavMeshRebuildRunner:Run () (at Assets/StoreSimulator/Editor/ShopMasterNavMeshRebuildRunner.cs:94)

(Filename: Assets/StoreSimulator/Editor/ShopMasterNavMeshRebuildRunner.cs Line: 178)

[NavMeshRebuild] [WARN] Bake legacy no ejecutado automáticamente.
UnityEngine.Debug:ExtractStackTraceNoAlloc (byte*,int,string)
UnityEngine.StackTraceUtility:ExtractStackTrace ()
UnityEngine.DebugLogHandler:Internal_Log (UnityEngine.LogType,UnityEngine.LogOption,string,UnityEngine.Object)
UnityEngine.DebugLogHandler:LogFormat (UnityEngine.LogType,UnityEngine.Object,string,object[])
UnityEngine.Logger:Log (UnityEngine.LogType,object)
UnityEngine.Debug:Log (object)
FLOBUK.StoreSimulator.Editor.ShopMasterNavMeshRebuildRunner:Log (System.Text.StringBuilder,string) (at Assets/StoreSimulator/Editor/ShopMasterNavMeshRebuildRunner.cs:178)
FLOBUK.StoreSimulator.Editor.ShopMasterNavMeshRebuildRunner:BakeLegacy (System.Text.StringBuilder,int&) (at Assets/StoreSimulator/Editor/ShopMasterNavMeshRebuildRunner.cs:126)
FLOBUK.StoreSimulator.Editor.ShopMasterNavMeshRebuildRunner:Run () (at Assets/StoreSimulator/Editor/ShopMasterNavMeshRebuildRunner.cs:95)

(Filename: Assets/StoreSimulator/Editor/ShopMasterNavMeshRebuildRunner.cs Line: 178)

[NavMeshRebuild]   Para rebakear manualmente:
UnityEngine.Debug:ExtractStackTraceNoAlloc (byte*,int,string)
UnityEngine.StackTraceUtility:ExtractStackTrace ()
UnityEngine.DebugLogHandler:Internal_Log (UnityEngine.LogType,UnityEngine.LogOption,string,UnityEngine.Object)
UnityEngine.DebugLogHandler:LogFormat (UnityEngine.LogType,UnityEngine.Object,string,object[])
UnityEngine.Logger:Log (UnityEngine.LogType,object)
UnityEngine.Debug:Log (object)
FLOBUK.StoreSimulator.Editor.ShopMasterNavMeshRebuildRunner:Log (System.Text.StringBuilder,string) (at Assets/StoreSimulator/Editor/ShopMasterNavMeshRebuildRunner.cs:178)
FLOBUK.StoreSimulator.Editor.ShopMasterNavMeshRebuildRunner:BakeLegacy (System.Text.StringBuilder,int&) (at Assets/StoreSimulator/Editor/ShopMasterNavMeshRebuildRunner.cs:127)
FLOBUK.StoreSimulator.Editor.ShopMasterNavMeshRebuildRunner:Run () (at Assets/StoreSimulator/Editor/ShopMasterNavMeshRebuildRunner.cs:95)

(Filename: Assets/StoreSimulator/Editor/ShopMasterNavMeshRebuildRunner.cs Line: 178)

[NavMeshRebuild]   1. Abrir Game.unity en Unity Editor.
UnityEngine.Debug:ExtractStackTraceNoAlloc (byte*,int,string)
UnityEngine.StackTraceUtility:ExtractStackTrace ()
UnityEngine.DebugLogHandler:Internal_Log (UnityEngine.LogType,UnityEngine.LogOption,string,UnityEngine.Object)
UnityEngine.DebugLogHandler:LogFormat (UnityEngine.LogType,UnityEngine.Object,string,object[])
UnityEngine.Logger:Log (UnityEngine.LogType,object)
UnityEngine.Debug:Log (object)
FLOBUK.StoreSimulator.Editor.ShopMasterNavMeshRebuildRunner:Log (System.Text.StringBuilder,string) (at Assets/StoreSimulator/Editor/ShopMasterNavMeshRebuildRunner.cs:178)
FLOBUK.StoreSimulator.Editor.ShopMasterNavMeshRebuildRunner:BakeLegacy (System.Text.StringBuilder,int&) (at Assets/StoreSimulator/Editor/ShopMasterNavMeshRebuildRunner.cs:128)
FLOBUK.StoreSimulator.Editor.ShopMasterNavMeshRebuildRunner:Run () (at Assets/StoreSimulator/Editor/ShopMasterNavMeshRebuildRunner.cs:95)

(Filename: Assets/StoreSimulator/Editor/ShopMasterNavMeshRebuildRunner.cs Line: 178)

[NavMeshRebuild]   2. Seleccionar el GameObject 'Navigation'.
UnityEngine.Debug:ExtractStackTraceNoAlloc (byte*,int,string)
UnityEngine.StackTraceUtility:ExtractStackTrace ()
UnityEngine.DebugLogHandler:Internal_Log (UnityEngine.LogType,UnityEngine.LogOption,string,UnityEngine.Object)
UnityEngine.DebugLogHandler:LogFormat (UnityEngine.LogType,UnityEngine.Object,string,object[])
UnityEngine.Logger:Log (UnityEngine.LogType,object)
UnityEngine.Debug:Log (object)
FLOBUK.StoreSimulator.Editor.ShopMasterNavMeshRebuildRunner:Log (System.Text.StringBuilder,string) (at Assets/StoreSimulator/Editor/ShopMasterNavMeshRebuildRunner.cs:178)
FLOBUK.StoreSimulator.Editor.ShopMasterNavMeshRebuildRunner:BakeLegacy (System.Text.StringBuilder,int&) (at Assets/StoreSimulator/Editor/ShopMasterNavMeshRebuildRunner.cs:129)
FLOBUK.StoreSimulator.Editor.ShopMasterNavMeshRebuildRunner:Run () (at Assets/StoreSimulator/Editor/ShopMasterNavMeshRebuildRunner.cs:95)

(Filename: Assets/StoreSimulator/Editor/ShopMasterNavMeshRebuildRunner.cs Line: 178)

[NavMeshRebuild]   3. En el Inspector cambiar CollectObjects a 'All'.
UnityEngine.Debug:ExtractStackTraceNoAlloc (byte*,int,string)
UnityEngine.StackTraceUtility:ExtractStackTrace ()
UnityEngine.DebugLogHandler:Internal_Log (UnityEngine.LogType,UnityEngine.LogOption,string,UnityEngine.Object)
UnityEngine.DebugLogHandler:LogFormat (UnityEngine.LogType,UnityEngine.Object,string,object[])
UnityEngine.Logger:Log (UnityEngine.LogType,object)
UnityEngine.Debug:Log (object)
FLOBUK.StoreSimulator.Editor.ShopMasterNavMeshRebuildRunner:Log (System.Text.StringBuilder,string) (at Assets/StoreSimulator/Editor/ShopMasterNavMeshRebuildRunner.cs:178)
FLOBUK.StoreSimulator.Editor.ShopMasterNavMeshRebuildRunner:BakeLegacy (System.Text.StringBuilder,int&) (at Assets/StoreSimulator/Editor/ShopMasterNavMeshRebuildRunner.cs:130)
FLOBUK.StoreSimulator.Editor.ShopMasterNavMeshRebuildRunner:Run () (at Assets/StoreSimulator/Editor/ShopMasterNavMeshRebuildRunner.cs:95)

(Filename: Assets/StoreSimulator/Editor/ShopMasterNavMeshRebuildRunner.cs Line: 178)

[NavMeshRebuild]   4. Presionar Bake en el componente NavMeshSurface.
UnityEngine.Debug:ExtractStackTraceNoAlloc (byte*,int,string)
UnityEngine.StackTraceUtility:ExtractStackTrace ()
UnityEngine.DebugLogHandler:Internal_Log (UnityEngine.LogType,UnityEngine.LogOption,string,UnityEngine.Object)
UnityEngine.DebugLogHandler:LogFormat (UnityEngine.LogType,UnityEngine.Object,string,object[])
UnityEngine.Logger:Log (UnityEngine.LogType,object)
UnityEngine.Debug:Log (object)
FLOBUK.StoreSimulator.Editor.ShopMasterNavMeshRebuildRunner:Log (System.Text.StringBuilder,string) (at Assets/StoreSimulator/Editor/ShopMasterNavMeshRebuildRunner.cs:178)
FLOBUK.StoreSimulator.Editor.ShopMasterNavMeshRebuildRunner:BakeLegacy (System.Text.StringBuilder,int&) (at Assets/StoreSimulator/Editor/ShopMasterNavMeshRebuildRunner.cs:131)
FLOBUK.StoreSimulator.Editor.ShopMasterNavMeshRebuildRunner:Run () (at Assets/StoreSimulator/Editor/ShopMasterNavMeshRebuildRunner.cs:95)

(Filename: Assets/StoreSimulator/Editor/ShopMasterNavMeshRebuildRunner.cs Line: 178)

[NavMeshRebuild]   5. Guardar la escena.
UnityEngine.Debug:ExtractStackTraceNoAlloc (byte*,int,string)
UnityEngine.StackTraceUtility:ExtractStackTrace ()
UnityEngine.DebugLogHandler:Internal_Log (UnityEngine.LogType,UnityEngine.LogOption,string,UnityEngine.Object)
UnityEngine.DebugLogHandler:LogFormat (UnityEngine.LogType,UnityEngine.Object,string,object[])
UnityEngine.Logger:Log (UnityEngine.LogType,object)
UnityEngine.Debug:Log (object)
FLOBUK.StoreSimulator.Editor.ShopMasterNavMeshRebuildRunner:Log (System.Text.StringBuilder,string) (at Assets/StoreSimulator/Editor/ShopMasterNavMeshRebuildRunner.cs:178)
FLOBUK.StoreSimulator.Editor.ShopMasterNavMeshRebuildRunner:BakeLegacy (System.Text.StringBuilder,int&) (at Assets/StoreSimulator/Editor/ShopMasterNavMeshRebuildRunner.cs:132)
FLOBUK.StoreSimulator.Editor.ShopMasterNavMeshRebuildRunner:Run () (at Assets/StoreSimulator/Editor/ShopMasterNavMeshRebuildRunner.cs:95)

(Filename: Assets/StoreSimulator/Editor/ShopMasterNavMeshRebuildRunner.cs Line: 178)

[NavMeshRebuild] --- Validando cobertura de NavMesh post-bake ---
UnityEngine.Debug:ExtractStackTraceNoAlloc (byte*,int,string)
UnityEngine.StackTraceUtility:ExtractStackTrace ()
UnityEngine.DebugLogHandler:Internal_Log (UnityEngine.LogType,UnityEngine.LogOption,string,UnityEngine.Object)
UnityEngine.DebugLogHandler:LogFormat (UnityEngine.LogType,UnityEngine.Object,string,object[])
UnityEngine.Logger:Log (UnityEngine.LogType,object)
UnityEngine.Debug:Log (object)
FLOBUK.StoreSimulator.Editor.ShopMasterNavMeshRebuildRunner:Log (System.Text.StringBuilder,string) (at Assets/StoreSimulator/Editor/ShopMasterNavMeshRebuildRunner.cs:178)
FLOBUK.StoreSimulator.Editor.ShopMasterNavMeshRebuildRunner:ValidateNavMeshCoverage (System.Text.StringBuilder) (at Assets/StoreSimulator/Editor/ShopMasterNavMeshRebuildRunner.cs:139)
FLOBUK.StoreSimulator.Editor.ShopMasterNavMeshRebuildRunner:Run () (at Assets/StoreSimulator/Editor/ShopMasterNavMeshRebuildRunner.cs:99)

(Filename: Assets/StoreSimulator/Editor/ShopMasterNavMeshRebuildRunner.cs Line: 178)

[NavMeshRebuild]   [OK] DeliveryStart / WarehouseZone center pos=(10.00, 0.00, 7.50) → NavMesh en (10.00, 0.05, 10.40) (dist=32m).
UnityEngine.Debug:ExtractStackTraceNoAlloc (byte*,int,string)
UnityEngine.StackTraceUtility:ExtractStackTrace ()
UnityEngine.DebugLogHandler:Internal_Log (UnityEngine.LogType,UnityEngine.LogOption,string,UnityEngine.Object)
UnityEngine.DebugLogHandler:LogFormat (UnityEngine.LogType,UnityEngine.Object,string,object[])
UnityEngine.Logger:Log (UnityEngine.LogType,object)
UnityEngine.Debug:Log (object)
FLOBUK.StoreSimulator.Editor.ShopMasterNavMeshRebuildRunner:Log (System.Text.StringBuilder,string) (at Assets/StoreSimulator/Editor/ShopMasterNavMeshRebuildRunner.cs:178)
FLOBUK.StoreSimulator.Editor.ShopMasterNavMeshRebuildRunner:ValidateNavMeshCoverage (System.Text.StringBuilder) (at Assets/StoreSimulator/Editor/ShopMasterNavMeshRebuildRunner.cs:165)
FLOBUK.StoreSimulator.Editor.ShopMasterNavMeshRebuildRunner:Run () (at Assets/StoreSimulator/Editor/ShopMasterNavMeshRebuildRunner.cs:99)

(Filename: Assets/StoreSimulator/Editor/ShopMasterNavMeshRebuildRunner.cs Line: 178)

[NavMeshRebuild]   [OK] EmployeeSpawnPoint (aprox) pos=(10.00, 0.05, 6.00) → NavMesh en (9.99, 0.08, 4.16) (dist=22m).
UnityEngine.Debug:ExtractStackTraceNoAlloc (byte*,int,string)
UnityEngine.StackTraceUtility:ExtractStackTrace ()
UnityEngine.DebugLogHandler:Internal_Log (UnityEngine.LogType,UnityEngine.LogOption,string,UnityEngine.Object)
UnityEngine.DebugLogHandler:LogFormat (UnityEngine.LogType,UnityEngine.Object,string,object[])
UnityEngine.Logger:Log (UnityEngine.LogType,object)
UnityEngine.Debug:Log (object)
FLOBUK.StoreSimulator.Editor.ShopMasterNavMeshRebuildRunner:Log (System.Text.StringBuilder,string) (at Assets/StoreSimulator/Editor/ShopMasterNavMeshRebuildRunner.cs:178)
FLOBUK.StoreSimulator.Editor.ShopMasterNavMeshRebuildRunner:ValidateNavMeshCoverage (System.Text.StringBuilder) (at Assets/StoreSimulator/Editor/ShopMasterNavMeshRebuildRunner.cs:165)
FLOBUK.StoreSimulator.Editor.ShopMasterNavMeshRebuildRunner:Run () (at Assets/StoreSimulator/Editor/ShopMasterNavMeshRebuildRunner.cs:99)

(Filename: Assets/StoreSimulator/Editor/ShopMasterNavMeshRebuildRunner.cs Line: 178)

[NavMeshRebuild]   [OK] PackageDropArea (aprox) pos=(10.00, 0.05, 10.00) → NavMesh en (10.00, 0.05, 10.40) (dist=02m).
UnityEngine.Debug:ExtractStackTraceNoAlloc (byte*,int,string)
UnityEngine.StackTraceUtility:ExtractStackTrace ()
UnityEngine.DebugLogHandler:Internal_Log (UnityEngine.LogType,UnityEngine.LogOption,string,UnityEngine.Object)
UnityEngine.DebugLogHandler:LogFormat (UnityEngine.LogType,UnityEngine.Object,string,object[])
UnityEngine.Logger:Log (UnityEngine.LogType,object)
UnityEngine.Debug:Log (object)
FLOBUK.StoreSimulator.Editor.ShopMasterNavMeshRebuildRunner:Log (System.Text.StringBuilder,string) (at Assets/StoreSimulator/Editor/ShopMasterNavMeshRebuildRunner.cs:178)
FLOBUK.StoreSimulator.Editor.ShopMasterNavMeshRebuildRunner:ValidateNavMeshCoverage (System.Text.StringBuilder) (at Assets/StoreSimulator/Editor/ShopMasterNavMeshRebuildRunner.cs:165)
FLOBUK.StoreSimulator.Editor.ShopMasterNavMeshRebuildRunner:Run () (at Assets/StoreSimulator/Editor/ShopMasterNavMeshRebuildRunner.cs:99)

(Filename: Assets/StoreSimulator/Editor/ShopMasterNavMeshRebuildRunner.cs Line: 178)

[NavMeshRebuild]   [OK] Store center (origin) pos=(0.00, 0.00, 0.00) → NavMesh en (0.00, 0.15, 0.00) (dist=02m).
UnityEngine.Debug:ExtractStackTraceNoAlloc (byte*,int,string)
UnityEngine.StackTraceUtility:ExtractStackTrace ()
UnityEngine.DebugLogHandler:Internal_Log (UnityEngine.LogType,UnityEngine.LogOption,string,UnityEngine.Object)
UnityEngine.DebugLogHandler:LogFormat (UnityEngine.LogType,UnityEngine.Object,string,object[])
UnityEngine.Logger:Log (UnityEngine.LogType,object)
UnityEngine.Debug:Log (object)
FLOBUK.StoreSimulator.Editor.ShopMasterNavMeshRebuildRunner:Log (System.Text.StringBuilder,string) (at Assets/StoreSimulator/Editor/ShopMasterNavMeshRebuildRunner.cs:178)
FLOBUK.StoreSimulator.Editor.ShopMasterNavMeshRebuildRunner:ValidateNavMeshCoverage (System.Text.StringBuilder) (at Assets/StoreSimulator/Editor/ShopMasterNavMeshRebuildRunner.cs:165)
FLOBUK.StoreSimulator.Editor.ShopMasterNavMeshRebuildRunner:Run () (at Assets/StoreSimulator/Editor/ShopMasterNavMeshRebuildRunner.cs:99)

(Filename: Assets/StoreSimulator/Editor/ShopMasterNavMeshRebuildRunner.cs Line: 178)

Start importing Assets/StoreSimulator/Scenes/Game.unity using Guid(3fbed375dd49b4ea4a3328828d74a920) (DefaultImporter) -> (artifact id: '16e88cb14e85e0af489b417d18f36df1') in 0.0225113 seconds
Refreshing native plugins compatible for Editor in 6.29 ms, found 4 plugins.
Preloading 0 native plugins for Editor in 0.00 ms.
Asset Pipeline Refresh (id=d4ac2e15158bb0a43b95a88315d6e265): Total: 0.572 seconds - Initiated by StopAssetImportingV2(NoUpdateAssetOptions)
	Summary:
		Imports: total=1 (actual=1, local cache=0, cache server=0)
		Asset DB Process Time: managed=7 ms, native=128 ms
		Asset DB Callback time: managed=411 ms, native=24 ms
		Scripting: domain reloads=0, domain reload time=0 ms, compile time=0 ms, other=0 ms
		Project Asset Count: scripts=1344, non-scripts=2687
		Asset File Changes: new=0, changed=0, moved=0, deleted=0
		Scan Filter Count: 4
	InvokeCustomDependenciesCallbacks: 0.001ms
	InvokePackagesCallback: 0.001ms
	ApplyChangesToAssetFolders: 0.287ms
	Scan: 33.176ms
	OnSourceAssetsModified: 0.001ms
	CategorizeAssetsWithTransientArtifact: 0.021ms
	ProcessAssetsWithTransientArtifactChanges: 0.126ms
	CategorizeAssets: 60.186ms
	ImportOutOfDateAssets: 31.726ms (0.615ms without children)
		ImportManagerImport: 27.606ms (3.561ms without children)
			ImportInProcess: 23.983ms
			UpdateCategorizedAssets: 0.061ms
		ReloadNativeAssets: 0.294ms
		UnloadImportedAssets: 0.954ms
		ReloadImportedAssets: 0.206ms
		EnsureUptoDateAssetsAreRegisteredWithGuidPM: 1.210ms
		InitializingProgressBar: 0.019ms
		PostProcessAllAssetNotificationsAddChangedAssets: 0.002ms
		OnDemandSchedulerStart: 0.821ms
	PostProcessAllAssets: 421.854ms
	Hotreload: 13.614ms
	GatherAllCurrentPrimaryArtifactRevisions: 0.304ms
	UnloadStreamsBegin: 4.138ms
	PersistCurrentRevisions: 0.265ms
	UnloadStreamsEnd: 0.002ms
	Untracked: 6.070ms

[NavMeshRebuild] [OK] Escena guardada: Assets/StoreSimulator/Scenes/Game.unity
UnityEngine.Debug:ExtractStackTraceNoAlloc (byte*,int,string)
UnityEngine.StackTraceUtility:ExtractStackTrace ()
UnityEngine.DebugLogHandler:Internal_Log (UnityEngine.LogType,UnityEngine.LogOption,string,UnityEngine.Object)
UnityEngine.DebugLogHandler:LogFormat (UnityEngine.LogType,UnityEngine.Object,string,object[])
UnityEngine.Logger:Log (UnityEngine.LogType,object)
UnityEngine.Debug:Log (object)
FLOBUK.StoreSimulator.Editor.ShopMasterNavMeshRebuildRunner:Log (System.Text.StringBuilder,string) (at Assets/StoreSimulator/Editor/ShopMasterNavMeshRebuildRunner.cs:178)
FLOBUK.StoreSimulator.Editor.ShopMasterNavMeshRebuildRunner:Run () (at Assets/StoreSimulator/Editor/ShopMasterNavMeshRebuildRunner.cs:104)

(Filename: Assets/StoreSimulator/Editor/ShopMasterNavMeshRebuildRunner.cs Line: 178)

[NavMeshRebuild] [OK] AssetDatabase.SaveAssets() completado.
UnityEngine.Debug:ExtractStackTraceNoAlloc (byte*,int,string)
UnityEngine.StackTraceUtility:ExtractStackTrace ()
UnityEngine.DebugLogHandler:Internal_Log (UnityEngine.LogType,UnityEngine.LogOption,string,UnityEngine.Object)
UnityEngine.DebugLogHandler:LogFormat (UnityEngine.LogType,UnityEngine.Object,string,object[])
UnityEngine.Logger:Log (UnityEngine.LogType,object)
UnityEngine.Debug:Log (object)
FLOBUK.StoreSimulator.Editor.ShopMasterNavMeshRebuildRunner:Log (System.Text.StringBuilder,string) (at Assets/StoreSimulator/Editor/ShopMasterNavMeshRebuildRunner.cs:178)
FLOBUK.StoreSimulator.Editor.ShopMasterNavMeshRebuildRunner:Run () (at Assets/StoreSimulator/Editor/ShopMasterNavMeshRebuildRunner.cs:109)

(Filename: Assets/StoreSimulator/Editor/ShopMasterNavMeshRebuildRunner.cs Line: 178)

[NavMeshRebuild] Finished. Failures=0
UnityEngine.Debug:ExtractStackTraceNoAlloc (byte*,int,string)
UnityEngine.StackTraceUtility:ExtractStackTrace ()
UnityEngine.DebugLogHandler:Internal_Log (UnityEngine.LogType,UnityEngine.LogOption,string,UnityEngine.Object)
UnityEngine.DebugLogHandler:LogFormat (UnityEngine.LogType,UnityEngine.Object,string,object[])
UnityEngine.Logger:Log (UnityEngine.LogType,object)
UnityEngine.Debug:Log (object)
FLOBUK.StoreSimulator.Editor.ShopMasterNavMeshRebuildRunner:Finish (System.Text.StringBuilder,int) (at Assets/StoreSimulator/Editor/ShopMasterNavMeshRebuildRunner.cs:196)
FLOBUK.StoreSimulator.Editor.ShopMasterNavMeshRebuildRunner:Run () (at Assets/StoreSimulator/Editor/ShopMasterNavMeshRebuildRunner.cs:116)

(Filename: Assets/StoreSimulator/Editor/ShopMasterNavMeshRebuildRunner.cs Line: 196)

[Physics::Module] Cleanup current backned.
[Physics::Module] Id: 0xf2b8ea05
Input System module state changed to: ShutdownInProgress.
Input System polling thread exited.
Input System module state changed to: Shutdown.
[Licensing::IpcConnector] License Notification channel disconnected successfully.
[Licensing::IpcConnector] License Client channel disconnected successfully.
AcceleratorClientConnectionCallback - disconnected - :0
Cleanup mono
Checking for leaked weakptr:
  Found no leaked weakptrs.
[Package Manager] Server process was shutdown
##utp:{"type":"MemoryLeaks","version":2,"phase":"Immediate","time":1780469840290,"processId":26276,"allocatedMemory":14288304,"memoryLabels":[{"Default":26077},{"Permanent":15356},{"NewDelete":82481},{"Thread":4230344},{"Manager":30394},{"VertexData":8},{"Geometry":816},{"Texture":160},{"Shader":78795},{"Material":24},{"GfxDevice":55136},{"Animation":328},{"Audio":4040},{"FontEngine":256},{"Physics":929},{"Serialization":968},{"Input":14824},{"JobScheduler":33656},{"TextLib":32},{"Mono":32},{"ScriptingNativeRuntime":155060},{"BaseObject":1619920},{"Resource":1304},{"Renderer":2928},{"Transform":4646},{"File":9775},{"WebCam":752},{"Culling":32},{"Terrain":11394},{"Wind":24},{"STL":40},{"String":11469},{"DynamicArray":123077},{"HashMap":98716},{"Utility":2664222},{"Curl":48},{"PoolAlloc":1864},{"AI":104},{"TypeTree":5005},{"ScriptManager":512},{"RuntimeInitializeOnLoadManager":64},{"SpriteAtlas":112},{"GI":7888},{"Director":8240},{"CloudService":6920},{"WebRequest":808},{"VR":45961},{"SceneManager":496},{"Video":64},{"LazyScriptCache":32},{"NativeArray":8},{"Camera":17},{"Secure":1},{"SerializationCache":1576},{"APIUpdating":10320},{"Subsystems":336},{"VirtualTexturing":57888},{"StaticSafetyDebugInfo":278528},{"Analytics":560},{"Hierarchy":272},{"Gui":80},{"EditorUtility":53447},{"VersionControl":4},{"Undo":912},{"AssetDatabase":4473280},{"EditorGi":328},{"UnityConnect":24184},{"Upm":1996},{"DrivenProperties":72},{"LocalIPC":260},{"ProfilerEditor":9738},{"CoreBusinessMetrics":14676},{"Licensing":3624},{"AssetReference":32},{"IPCStream":32}]}
~StackAllocator(ALLOC_TEMP_MAIN) m_LastAlloc not NULL. Did you forget to call FreeAllStackAllocations()? To get more information, run app with -diag-temp-memory-leak-validation cmd line argument
