# ShopMaster Seguridad y Ladrones Audit - RobberyInventory
2026-06-03 04:24:39 Opening scene: Assets/StoreSimulator/Scenes/Game.unity
2026-06-03 04:24:49 PASS: EntrepreneurTreeManager presente.
2026-06-03 04:24:49 PASS: EntrepreneurTreeSecurityAdapter presente.
2026-06-03 04:24:49 PASS: ShoplifterSystem presente.
2026-06-03 04:24:49 PASS: StatsDatabase presente.
2026-06-03 04:24:49 PASS: StoreDatabase presente.
2026-06-03 04:24:49 PASS: CustomerSystem presente.
2026-06-03 04:24:49 PASS: ProductInventorySystem presente.
2026-06-03 04:24:49 === RQF10/RQF14 robbery inventory ===
2026-06-03 04:24:49 PASS: Producto real robable disponible.
2026-06-03 04:24:49 PASS: RQF10 sin niveles desbloqueados no hay seguridad automatica.
2026-06-03 04:24:49 PASS: RQF14 ladron comun inicia robo con producto real tomado de anaquel.
2026-06-03 04:24:49 PASS: RQF10 sin seguridad, el ladron queda escapando y requiere captura manual.
2026-06-03 04:24:49 PASS: RQF10 captura manual ejecutada sobre ShoplifterAgent real.
2026-06-03 04:24:49 PASS: RQF10 captura manual recupera productos reales al anaquel/inventario.
2026-06-03 04:24:49 PASS: RQF14 segundo ladron inicia robo para escenario de escape.
2026-06-03 04:24:49 PASS: RQF14 escape registra perdida economica exacta: $1.00.
2026-06-03 04:24:49 PASS: RQF14 escape confirma perdida sin restaurar stock inventado.
2026-06-03 04:24:49 PASS: RQF14 reporte diario registra captura manual y escape.
2026-06-03 04:24:49 Audit finished. Failures=0
