# ShopMaster Full Requirements Audit - Phase 3
2026-06-03 04:00:58 Opening scene: Assets/StoreSimulator/Scenes/Game.unity
2026-06-03 04:01:12 Running Phase 3 integrated Play Mode audit.
2026-06-03 04:01:12 PASS: Baseline Phase 2 runner evidence remains green.
2026-06-03 04:01:12 PASS: RQF3 real computer opens from player flow.
2026-06-03 04:01:12 PASS: RQF12 security visuals stay hidden before unlock.
2026-06-03 04:01:12 PASS: RQF12 security_1 rejects missing employee_7 without spending points.
2026-06-03 04:01:12 PASS: RQF12 security_1 unlocks after employee_7.
2026-06-03 04:01:12 PASS: RQF12 security_1 activates cameras and 33% arrest.
2026-06-03 04:01:12 PASS: RQF12 security_2 rejects missing employee_8 without spending points.
2026-06-03 04:01:12 PASS: RQF12 security_2 unlocks after employee_8.
2026-06-03 04:01:12 PASS: RQF12 security_2 activates guards and 66% arrest.
2026-06-03 04:01:12 PASS: RQF12 security_3 rejects missing employee_14 without spending points.
2026-06-03 04:01:12 PASS: RQF12 security_3 unlocks after employee_14.
2026-06-03 04:01:12 PASS: RQF12 security_3 activates alarms and 99% arrest.
2026-06-03 04:01:12 PASS: Real computer tab button 'EXPANDIR' activates panel 'Expandir'.
2026-06-03 04:01:12 PASS: RQF5 EXPANDIR real computer app and visual map controller exist.
2026-06-03 04:01:12 PASS: RQF6/RQF22 sales expansion costs $1,750 and increases demand by 15%.
2026-06-03 04:01:12 PASS: RQF6 storage expansion purchases a real 32 m2 zone.
2026-06-03 04:01:12 PASS: RQF7 insufficient funds reject expansion and report exact missing amount.
2026-06-03 04:01:13 PASS: Real computer tab button 'PRECIOS' activates panel 'Precios'.
2026-06-03 04:01:13 PASS: RQF28 pricing app is connected to the real computer UI.
2026-06-03 04:01:13 PASS: RQF25 pricing at ideal value yields 100% purchase probability.
2026-06-03 04:01:13 PASS: RQF25 high price reduces purchase probability.
2026-06-03 04:01:13 PASS: RQNF12 price above 300% is rejected.
2026-06-03 04:01:13 PASS: RQF28 duplicate zero price remains valid with 100% purchase and extra probability.
2026-06-03 04:01:13 PASS: RQNF4 atomic base save creates a .bak backup.
2026-06-03 04:01:13 PASS: RQNF4 corrupt primary save recovers the last valid base backup.
2026-06-03 04:01:13 PASS: RQF25 employee #1 is hired before cashier and restocker scenarios.
2026-06-03 04:01:13 PASS: RQF26 automated cashier starts card checkout.
2026-06-03 04:01:15 PASS: RQF26 card checkout measured 1.72s within tolerance of 2.00s.
2026-06-03 04:01:15 PASS: RQF26 automated cashier credits balance with one Charismatic application.
2026-06-03 04:01:15 PASS: RQF26 automated cashier starts cash checkout.
2026-06-03 04:01:18 PASS: RQF26 cash checkout measured 2.98s within tolerance of 3.00s.
2026-06-03 04:01:18 PASS: RQF26 automated cashier credits balance with one Charismatic application.
2026-06-03 04:01:18 PASS: RQF27 assigns a real compatible shelf slot.
2026-06-03 04:01:18 PASS: RQF27 restocker begins physical storage-to-shelf route.
2026-06-03 04:01:28 PASS: RQF27 visual restocker reaches shelf, places one real product and deducts one package item.
2026-06-03 04:01:28 YELLOW: RQF21/RQNF3 - Atomic disk saves and backup recovery passed; full scene unload/reload reconstruction remains pending.
2026-06-03 04:01:28 YELLOW: RQF23/RQF24 - Manual card/cash UI exists, but this runner did not drive player camera and denomination clicks.
2026-06-03 04:01:28 YELLOW: RQF34/RQF35 - Expanded daily report and 7 second wait timer exist; full day closure remains pending.
2026-06-03 04:01:28 YELLOW: RQNF1/RQNF2/RQNF19 - Static compatibility reviewed; reproducible FPS capture and complete resolution/brightness/control settings remain pending.
2026-06-03 04:01:29 Audit finished. Failures=0
